// Jest Snapshot v1, https://goo.gl/fbAQLP

exports[`(Layout) Header renders correctly 1`] = `
<Header>
  <styled.div>
    <HeaderTitle />
  </styled.div>
</Header>
`;
